2026-07-11 22:23:03,240 [INFO   ] [data_loading] docspider_tasks_loaded  path=docspider/docspider_ground_truth_dataset/dev.json  total_raw=620  valid=620  skipped_incomplete=0  returned=620  limit_applied=False
2026-07-11 22:23:03,257 [INFO   ] [data_loading] docspider_schema_map_loaded  path=docspider/docspider_ground_truth_dataset/collections.json  db_count=159
2026-07-11 22:23:13,581 [INFO   ] [inference] generate_nosql  latency_sec=2.3775  input_tokens=207  output_tokens=18
2026-07-11 22:23:13,581 [INFO   ]   >> INPUT  : [Task: SQL-to-MQL]
### REFERENCE EXAMPLE ###
Input SQL: SELECT name , age , country FROM artist ORDER BY Year_Join
Target MQL: db.artist.find({}, { Name: 1, Age: 1, Country: 1}).sort({Year_Join: 1})
#########################

### TARGET TASK ###
Input SQL: SELECT name , country , age FROM singer ORDER BY age DESC
Schema: stadium(Average, Capacity, Highest, Location, Lowest, Name, Stadium_ID, _id) | concert(Stadium_ID, Theme, Year, _id, concert_ID, concert_Name) | singer(Age, Country, Is_male, Name, Singer_ID, Song_Name, Song_release_year, _id) | singer_in_concert(Singer_ID, _id, concert_ID)

### SYSTEM RESPONSE ###

2026-07-11 22:23:13,582 [INFO   ]   >> OUTPUT : Output SQL: SELECT name , country , age FROM singer ORDER BY age DESC
2026-07-11 22:23:15,916 [INFO   ] [inference] generate_nosql  latency_sec=2.3113  input_tokens=207  output_tokens=18
2026-07-11 22:23:15,916 [INFO   ]   >> INPUT  : [Task: SQL-to-MQL]
### REFERENCE EXAMPLE ###
Input SQL: SELECT name , age , country FROM artist ORDER BY Year_Join
Target MQL: db.artist.find({}, { Name: 1, Age: 1, Country: 1}).sort({Year_Join: 1})
#########################

### TARGET TASK ###
Input SQL: SELECT name , country , age FROM singer ORDER BY age DESC
Schema: stadium(Average, Capacity, Highest, Location, Lowest, Name, Stadium_ID, _id) | concert(Stadium_ID, Theme, Year, _id, concert_ID, concert_Name) | singer(Age, Country, Is_male, Name, Singer_ID, Song_Name, Song_release_year, _id) | singer_in_concert(Singer_ID, _id, concert_ID)

### SYSTEM RESPONSE ###

2026-07-11 22:23:15,916 [INFO   ]   >> OUTPUT : Output SQL: SELECT name , country , age FROM singer ORDER BY age DESC
2026-07-11 22:23:19,506 [INFO   ] [inference] generate_nosql  latency_sec=3.5672  input_tokens=266  output_tokens=28
2026-07-11 22:23:19,506 [INFO   ]   >> INPUT  : [Task: SQL-to-MQL]
### REFERENCE EXAMPLE ###
Input SQL: SELECT avg(age) , min(age) FROM artist WHERE country = 'United States'
Target MQL: db.artist.aggregate([ { $match: { Country: "United States" } }, { $group: { _id: null, avgAge: { $avg: "$Age" }, minAge: { $min: "$Age" } }}, { $project: { avgAge:1, minAge:1 } } ])
#########################

### TARGET TASK ###
Input SQL: SELECT avg(age) , min(age) , max(age) FROM singer WHERE country = 'France'
Schema: stadium(Average, Capacity, Highest, Location, Lowest, Name, Stadium_ID, _id) | concert(Stadium_ID, Theme, Year, _id, concert_ID, concert_Name) | singer(Age, Country, Is_male, Name, Singer_ID, Song_Name, Song_release_year, _id) | singer_in_concert(Singer_ID, _id, concert_ID)

### SYSTEM RESPONSE ###

2026-07-11 22:23:19,506 [INFO   ]   >> OUTPUT : Output SQL: SELECT avg(age) , min(age) , max(age) FROM artist WHERE country = 'France'
