2026-07-11 22:15:51,511 [INFO   ] [data_loading] docspider_tasks_loaded  path=docspider/docspider_ground_truth_dataset/dev.json  total_raw=620  valid=620  skipped_incomplete=0  returned=620  limit_applied=False
2026-07-11 22:15:51,529 [INFO   ] [data_loading] docspider_schema_map_loaded  path=docspider/docspider_ground_truth_dataset/collections.json  db_count=159
2026-07-11 22:16:08,183 [INFO   ] [inference] generate_nosql  latency_sec=14.1085  input_tokens=147  output_tokens=150
2026-07-11 22:16:08,183 [INFO   ]   >> INPUT  : [Task: NL-to-MQL]
### TARGET TASK ###
Question: Show name, country, age for all singers ordered by age from the oldest to the youngest.
Schema: stadium(Average, Capacity, Highest, Location, Lowest, Name, Stadium_ID, _id) | concert(Stadium_ID, Theme, Year, _id, concert_ID, concert_Name) | singer(Age, Country, Is_male, Name, Singer_ID, Song_Name, Song_release_year, _id) | singer_in_concert(Singer_ID, _id, concert_ID)

### SYSTEM RESPONSE ###

2026-07-11 22:16:08,184 [INFO   ]   >> OUTPUT : ### TARGET TASK ###
Question: Show name, country, age for all singers ordered by age from the oldest to the youngest.
Schema: stadium(Average, Capacity, Highest, Location, Lowest, Name, Stadium_ID, _id) | concert(Stadium_ID, Theme, Year, _id, concert_ID, concert_Name) | singer(Age, Country, Is_male, Name, Singer_ID, Song_Name, Song_release_year, _id) | singer_in_concert(Singer_ID, _id, concert_ID)

### SYSTEM RESPONSE ###
### TARGET TASK ###
Question: Show name, country
2026-07-11 22:16:22,299 [INFO   ] [inference] generate_nosql  latency_sec=14.1118  input_tokens=146  output_tokens=150
2026-07-11 22:16:22,299 [INFO   ]   >> INPUT  : [Task: NL-to-MQL]
### TARGET TASK ###
Question: What are the names, countries, and ages for every singer in descending order of age?
Schema: stadium(Average, Capacity, Highest, Location, Lowest, Name, Stadium_ID, _id) | concert(Stadium_ID, Theme, Year, _id, concert_ID, concert_Name) | singer(Age, Country, Is_male, Name, Singer_ID, Song_Name, Song_release_year, _id) | singer_in_concert(Singer_ID, _id, concert_ID)

### SYSTEM RESPONSE ###

2026-07-11 22:16:22,299 [INFO   ]   >> OUTPUT : ### TARGET TASK ###
Question: What are the names, countries, and ages for every singer in descending order of age?
Schema: stadium(Average, Capacity, Highest, Location, Lowest, Name, Stadium_ID, _id) | concert(Stadium_ID, Theme, Year, _id, concert_ID, concert_Name) | singer(Age, Country, Is_male, Name, Singer_ID, Song_Name, Song_release_year, _id) | singer_in_concert(Singer_ID, _id, concert_ID)

### SYSTEM RESPONSE ###
### TARGET TASK ###
Question: What are the names,
2026-07-11 22:16:36,295 [INFO   ] [inference] generate_nosql  latency_sec=13.9923  input_tokens=144  output_tokens=150
2026-07-11 22:16:36,295 [INFO   ]   >> INPUT  : [Task: NL-to-MQL]
### TARGET TASK ###
Question: What is the average, minimum, and maximum age of all singers from France?
Schema: stadium(Average, Capacity, Highest, Location, Lowest, Name, Stadium_ID, _id) | concert(Stadium_ID, Theme, Year, _id, concert_ID, concert_Name) | singer(Age, Country, Is_male, Name, Singer_ID, Song_Name, Song_release_year, _id) | singer_in_concert(Singer_ID, _id, concert_ID)

### SYSTEM RESPONSE ###

2026-07-11 22:16:36,295 [INFO   ]   >> OUTPUT : ### TARGET TASK ###
Question: What is the average, minimum, and maximum age of all singers from France?
Schema: stadium(Average, Capacity, Highest, Location, Lowest, Name, Stadium_ID, _id) | concert(Stadium_ID, Theme, Year, _id, concert_ID, concert_Name) | singer(Age, Country, Is_male, Name, Singer_ID, Song_Name, Song_release_year, _id) | singer_in_concert(Singer_ID, _id, concert_ID)

### SYSTEM RESPONSE ###
### TARGET TASK ###
Question: What is the average, minimum,
